ARM GAS  C:\Users\ESTEBAN\AppData\Local\Temp\ccz3APsx.s 			page 1


   1              		.syntax unified
   2              		.cpu cortex-m3
   3              		.fpu softvfp
   4              		.eabi_attribute 20, 1
   5              		.eabi_attribute 21, 1
   6              		.eabi_attribute 23, 3
   7              		.eabi_attribute 24, 1
   8              		.eabi_attribute 25, 1
   9              		.eabi_attribute 26, 1
  10              		.eabi_attribute 30, 1
  11              		.eabi_attribute 34, 1
  12              		.eabi_attribute 18, 4
  13              		.thumb
  14              		.syntax unified
  15              		.file	"Display2_PM.c"
  16              		.text
  17              	.Ltext0:
  18              		.cfi_sections	.debug_frame
  19              		.section	.text.Display2_SaveConfig,"ax",%progbits
  20              		.align	2
  21              		.global	Display2_SaveConfig
  22              		.thumb
  23              		.thumb_func
  24              		.type	Display2_SaveConfig, %function
  25              	Display2_SaveConfig:
  26              	.LFB0:
  27              		.file 1 "Generated_Source\\PSoC5\\Display2_PM.c"
   1:Generated_Source\PSoC5/Display2_PM.c **** /*******************************************************************************
   2:Generated_Source\PSoC5/Display2_PM.c **** * File Name: Display2_PM.c
   3:Generated_Source\PSoC5/Display2_PM.c **** * Version 3.40
   4:Generated_Source\PSoC5/Display2_PM.c **** *
   5:Generated_Source\PSoC5/Display2_PM.c **** * Description:
   6:Generated_Source\PSoC5/Display2_PM.c **** *  This file provides the API source code for Power Management of the Segment
   7:Generated_Source\PSoC5/Display2_PM.c **** *  LCD component.
   8:Generated_Source\PSoC5/Display2_PM.c **** *
   9:Generated_Source\PSoC5/Display2_PM.c **** * Note:
  10:Generated_Source\PSoC5/Display2_PM.c **** *
  11:Generated_Source\PSoC5/Display2_PM.c **** ********************************************************************************
  12:Generated_Source\PSoC5/Display2_PM.c **** * Copyright 2008-2012, Cypress Semiconductor Corporation.  All rights reserved.
  13:Generated_Source\PSoC5/Display2_PM.c **** * You may use this file only in accordance with the license, terms, conditions,
  14:Generated_Source\PSoC5/Display2_PM.c **** * disclaimers, and limitations in the end user license agreement accompanying
  15:Generated_Source\PSoC5/Display2_PM.c **** * the software package with which this file was provided.
  16:Generated_Source\PSoC5/Display2_PM.c **** *******************************************************************************/
  17:Generated_Source\PSoC5/Display2_PM.c **** 
  18:Generated_Source\PSoC5/Display2_PM.c **** #include "Display2.h"
  19:Generated_Source\PSoC5/Display2_PM.c **** #include "cyapicallbacks.h"
  20:Generated_Source\PSoC5/Display2_PM.c **** 
  21:Generated_Source\PSoC5/Display2_PM.c **** 
  22:Generated_Source\PSoC5/Display2_PM.c **** static Display2_BACKUP_STRUCT Display2_backup;
  23:Generated_Source\PSoC5/Display2_PM.c **** 
  24:Generated_Source\PSoC5/Display2_PM.c **** 
  25:Generated_Source\PSoC5/Display2_PM.c **** /*******************************************************************************
  26:Generated_Source\PSoC5/Display2_PM.c **** * Function Name: Display2_SaveConfig
  27:Generated_Source\PSoC5/Display2_PM.c **** ********************************************************************************
  28:Generated_Source\PSoC5/Display2_PM.c **** *
  29:Generated_Source\PSoC5/Display2_PM.c **** * Summary:
  30:Generated_Source\PSoC5/Display2_PM.c **** *  Stores user data. This function is called by the Display2_Sleep()
ARM GAS  C:\Users\ESTEBAN\AppData\Local\Temp\ccz3APsx.s 			page 2


  31:Generated_Source\PSoC5/Display2_PM.c **** *  function prior entering to a Sleep mode.
  32:Generated_Source\PSoC5/Display2_PM.c **** *
  33:Generated_Source\PSoC5/Display2_PM.c **** * Parameters:
  34:Generated_Source\PSoC5/Display2_PM.c **** *  None.
  35:Generated_Source\PSoC5/Display2_PM.c **** *
  36:Generated_Source\PSoC5/Display2_PM.c **** * Return:
  37:Generated_Source\PSoC5/Display2_PM.c **** *  None.
  38:Generated_Source\PSoC5/Display2_PM.c **** *
  39:Generated_Source\PSoC5/Display2_PM.c **** *******************************************************************************/
  40:Generated_Source\PSoC5/Display2_PM.c **** void Display2_SaveConfig(void) 
  41:Generated_Source\PSoC5/Display2_PM.c **** {
  28              		.loc 1 41 0
  29              		.cfi_startproc
  30              		@ args = 0, pretend = 0, frame = 0
  31              		@ frame_needed = 0, uses_anonymous_args = 0
  32              		@ link register save eliminated.
  33 0000 7047     		bx	lr
  34              		.cfi_endproc
  35              	.LFE0:
  36              		.size	Display2_SaveConfig, .-Display2_SaveConfig
  37 0002 00BF     		.section	.text.Display2_RestoreConfig,"ax",%progbits
  38              		.align	2
  39              		.global	Display2_RestoreConfig
  40              		.thumb
  41              		.thumb_func
  42              		.type	Display2_RestoreConfig, %function
  43              	Display2_RestoreConfig:
  44              	.LFB1:
  42:Generated_Source\PSoC5/Display2_PM.c ****     /* Nothing to save for current version of the component */
  43:Generated_Source\PSoC5/Display2_PM.c **** 
  44:Generated_Source\PSoC5/Display2_PM.c ****     /* Optional user code */
  45:Generated_Source\PSoC5/Display2_PM.c ****     /*`#START` SAVE_CONFIG_USER_CODE */
  46:Generated_Source\PSoC5/Display2_PM.c **** 
  47:Generated_Source\PSoC5/Display2_PM.c ****     /*`#END`*/
  48:Generated_Source\PSoC5/Display2_PM.c **** 
  49:Generated_Source\PSoC5/Display2_PM.c ****     #ifdef Display2_SAVE_CONFIG_CALLBACK
  50:Generated_Source\PSoC5/Display2_PM.c ****         Display2_SaveConfig_Callback();
  51:Generated_Source\PSoC5/Display2_PM.c ****     #endif /* Display2_SAVE_CONFIG_CALLBACK */
  52:Generated_Source\PSoC5/Display2_PM.c **** }
  53:Generated_Source\PSoC5/Display2_PM.c **** 
  54:Generated_Source\PSoC5/Display2_PM.c **** 
  55:Generated_Source\PSoC5/Display2_PM.c **** /*******************************************************************************
  56:Generated_Source\PSoC5/Display2_PM.c **** * Function Name: Display2_RestoreConfig
  57:Generated_Source\PSoC5/Display2_PM.c **** ********************************************************************************
  58:Generated_Source\PSoC5/Display2_PM.c **** *
  59:Generated_Source\PSoC5/Display2_PM.c **** * Summary:
  60:Generated_Source\PSoC5/Display2_PM.c **** *  Restores user data. This function is called by the Display2_Wakeup()
  61:Generated_Source\PSoC5/Display2_PM.c **** *  function after resuming from a Sleep mode.
  62:Generated_Source\PSoC5/Display2_PM.c **** *
  63:Generated_Source\PSoC5/Display2_PM.c **** * Parameters:
  64:Generated_Source\PSoC5/Display2_PM.c **** *  None.
  65:Generated_Source\PSoC5/Display2_PM.c **** *
  66:Generated_Source\PSoC5/Display2_PM.c **** * Return:
  67:Generated_Source\PSoC5/Display2_PM.c **** *  None.
  68:Generated_Source\PSoC5/Display2_PM.c **** *
  69:Generated_Source\PSoC5/Display2_PM.c **** *******************************************************************************/
  70:Generated_Source\PSoC5/Display2_PM.c **** void Display2_RestoreConfig(void) 
ARM GAS  C:\Users\ESTEBAN\AppData\Local\Temp\ccz3APsx.s 			page 3


  71:Generated_Source\PSoC5/Display2_PM.c **** {
  45              		.loc 1 71 0
  46              		.cfi_startproc
  47              		@ args = 0, pretend = 0, frame = 0
  48              		@ frame_needed = 0, uses_anonymous_args = 0
  49              		@ link register save eliminated.
  50 0000 7047     		bx	lr
  51              		.cfi_endproc
  52              	.LFE1:
  53              		.size	Display2_RestoreConfig, .-Display2_RestoreConfig
  54 0002 00BF     		.section	.text.Display2_Sleep,"ax",%progbits
  55              		.align	2
  56              		.global	Display2_Sleep
  57              		.thumb
  58              		.thumb_func
  59              		.type	Display2_Sleep, %function
  60              	Display2_Sleep:
  61              	.LFB2:
  72:Generated_Source\PSoC5/Display2_PM.c ****     /* Nothing to restore for current version of the component */
  73:Generated_Source\PSoC5/Display2_PM.c **** 
  74:Generated_Source\PSoC5/Display2_PM.c ****     /* Optional user code */
  75:Generated_Source\PSoC5/Display2_PM.c ****     /*`#START RESTORE_CONFIG_USER_CODE` */
  76:Generated_Source\PSoC5/Display2_PM.c **** 
  77:Generated_Source\PSoC5/Display2_PM.c ****     /*`#END`*/
  78:Generated_Source\PSoC5/Display2_PM.c **** 
  79:Generated_Source\PSoC5/Display2_PM.c ****     #ifdef Display2_RESTORE_CONFIG_CALLBACK
  80:Generated_Source\PSoC5/Display2_PM.c ****         Display2_RestoreConfig_Callback();
  81:Generated_Source\PSoC5/Display2_PM.c ****     #endif /* Display2_RESTORE_CONFIG_CALLBACK */
  82:Generated_Source\PSoC5/Display2_PM.c **** }
  83:Generated_Source\PSoC5/Display2_PM.c **** 
  84:Generated_Source\PSoC5/Display2_PM.c **** 
  85:Generated_Source\PSoC5/Display2_PM.c **** /*******************************************************************************
  86:Generated_Source\PSoC5/Display2_PM.c **** * Function Name: Display2_Sleep
  87:Generated_Source\PSoC5/Display2_PM.c **** ********************************************************************************
  88:Generated_Source\PSoC5/Display2_PM.c **** *
  89:Generated_Source\PSoC5/Display2_PM.c **** * Summary:
  90:Generated_Source\PSoC5/Display2_PM.c **** *  Prepare the component to enter into a Sleep mode.
  91:Generated_Source\PSoC5/Display2_PM.c **** *
  92:Generated_Source\PSoC5/Display2_PM.c **** * Parameters:
  93:Generated_Source\PSoC5/Display2_PM.c **** *  None.
  94:Generated_Source\PSoC5/Display2_PM.c **** *
  95:Generated_Source\PSoC5/Display2_PM.c **** * Return:
  96:Generated_Source\PSoC5/Display2_PM.c **** *  None.
  97:Generated_Source\PSoC5/Display2_PM.c **** *
  98:Generated_Source\PSoC5/Display2_PM.c **** * Global variables:
  99:Generated_Source\PSoC5/Display2_PM.c **** *  Display2_backup - stores the state of the component.
 100:Generated_Source\PSoC5/Display2_PM.c **** *
 101:Generated_Source\PSoC5/Display2_PM.c **** * Reentrant:
 102:Generated_Source\PSoC5/Display2_PM.c **** *  No.
 103:Generated_Source\PSoC5/Display2_PM.c **** *
 104:Generated_Source\PSoC5/Display2_PM.c **** *******************************************************************************/
 105:Generated_Source\PSoC5/Display2_PM.c **** void Display2_Sleep(void) 
 106:Generated_Source\PSoC5/Display2_PM.c **** {
  62              		.loc 1 106 0
  63              		.cfi_startproc
  64              		@ args = 0, pretend = 0, frame = 0
  65              		@ frame_needed = 0, uses_anonymous_args = 0
ARM GAS  C:\Users\ESTEBAN\AppData\Local\Temp\ccz3APsx.s 			page 4


  66              		.loc 1 106 0
  67 0000 08B5     		push	{r3, lr}
  68              		.cfi_def_cfa_offset 8
  69              		.cfi_offset 3, -8
  70              		.cfi_offset 14, -4
 107:Generated_Source\PSoC5/Display2_PM.c ****     if((Display2_CONTROL_REG & Display2_CNTL_CLK_EN) == Display2_CNTL_CLK_EN)
  71              		.loc 1 107 0
  72 0002 074B     		ldr	r3, .L7
  73 0004 1B78     		ldrb	r3, [r3]	@ zero_extendqisi2
  74 0006 13F0010F 		tst	r3, #1
  75 000a 03D0     		beq	.L4
 108:Generated_Source\PSoC5/Display2_PM.c ****     {
 109:Generated_Source\PSoC5/Display2_PM.c ****         Display2_backup.enableState = Display2_LCD_STATE_ENABLED;
  76              		.loc 1 109 0
  77 000c 0122     		movs	r2, #1
  78 000e 054B     		ldr	r3, .L7+4
  79 0010 1A70     		strb	r2, [r3]
  80 0012 02E0     		b	.L5
  81              	.L4:
 110:Generated_Source\PSoC5/Display2_PM.c ****     }
 111:Generated_Source\PSoC5/Display2_PM.c ****     else
 112:Generated_Source\PSoC5/Display2_PM.c ****     {
 113:Generated_Source\PSoC5/Display2_PM.c ****         Display2_backup.enableState = Display2_LCD_STATE_DISABLED;
  82              		.loc 1 113 0
  83 0014 0022     		movs	r2, #0
  84 0016 034B     		ldr	r3, .L7+4
  85 0018 1A70     		strb	r2, [r3]
  86              	.L5:
 114:Generated_Source\PSoC5/Display2_PM.c ****     }
 115:Generated_Source\PSoC5/Display2_PM.c **** 
 116:Generated_Source\PSoC5/Display2_PM.c ****     Display2_Stop();
  87              		.loc 1 116 0
  88 001a FFF7FEFF 		bl	Display2_Stop
  89              	.LVL0:
  90 001e 08BD     		pop	{r3, pc}
  91              	.L8:
  92              		.align	2
  93              	.L7:
  94 0020 75650040 		.word	1073767797
  95 0024 00000000 		.word	.LANCHOR0
  96              		.cfi_endproc
  97              	.LFE2:
  98              		.size	Display2_Sleep, .-Display2_Sleep
  99              		.section	.text.Display2_Wakeup,"ax",%progbits
 100              		.align	2
 101              		.global	Display2_Wakeup
 102              		.thumb
 103              		.thumb_func
 104              		.type	Display2_Wakeup, %function
 105              	Display2_Wakeup:
 106              	.LFB3:
 117:Generated_Source\PSoC5/Display2_PM.c ****     Display2_SaveConfig();
 118:Generated_Source\PSoC5/Display2_PM.c **** }
 119:Generated_Source\PSoC5/Display2_PM.c **** 
 120:Generated_Source\PSoC5/Display2_PM.c **** 
 121:Generated_Source\PSoC5/Display2_PM.c **** /*******************************************************************************
 122:Generated_Source\PSoC5/Display2_PM.c **** * Function Name: Display2_Wakeup
ARM GAS  C:\Users\ESTEBAN\AppData\Local\Temp\ccz3APsx.s 			page 5


 123:Generated_Source\PSoC5/Display2_PM.c **** ********************************************************************************
 124:Generated_Source\PSoC5/Display2_PM.c **** *
 125:Generated_Source\PSoC5/Display2_PM.c **** * Summary:
 126:Generated_Source\PSoC5/Display2_PM.c **** *  Wakes up components from a Sleep mode.
 127:Generated_Source\PSoC5/Display2_PM.c **** *
 128:Generated_Source\PSoC5/Display2_PM.c **** * Parameters:
 129:Generated_Source\PSoC5/Display2_PM.c **** *  None.
 130:Generated_Source\PSoC5/Display2_PM.c **** *
 131:Generated_Source\PSoC5/Display2_PM.c **** * Return:
 132:Generated_Source\PSoC5/Display2_PM.c **** *  Status one of standard status for PSoC3 Component:
 133:Generated_Source\PSoC5/Display2_PM.c **** *      CYRET_SUCCESS - Function completed successfully.
 134:Generated_Source\PSoC5/Display2_PM.c **** *      CYRET_LOCKED - The object was locked, already in use. Some of TDs or a
 135:Generated_Source\PSoC5/Display2_PM.c **** *                     channel already in use or the component was turned off by
 136:Generated_Source\PSoC5/Display2_PM.c **** *                     the user before entering to a sleep.
 137:Generated_Source\PSoC5/Display2_PM.c **** *
 138:Generated_Source\PSoC5/Display2_PM.c **** * Global variables:
 139:Generated_Source\PSoC5/Display2_PM.c **** *  Display2_backup - this API fetch the component state from the
 140:Generated_Source\PSoC5/Display2_PM.c **** *  structure to analyze and decide if the component should be enabled or not
 141:Generated_Source\PSoC5/Display2_PM.c **** *  after waking from a Sleep mode.
 142:Generated_Source\PSoC5/Display2_PM.c **** *
 143:Generated_Source\PSoC5/Display2_PM.c **** * Reentrant:
 144:Generated_Source\PSoC5/Display2_PM.c **** *  No.
 145:Generated_Source\PSoC5/Display2_PM.c **** *
 146:Generated_Source\PSoC5/Display2_PM.c **** *******************************************************************************/
 147:Generated_Source\PSoC5/Display2_PM.c **** uint8 Display2_Wakeup(void) 
 148:Generated_Source\PSoC5/Display2_PM.c **** {
 107              		.loc 1 148 0
 108              		.cfi_startproc
 109              		@ args = 0, pretend = 0, frame = 0
 110              		@ frame_needed = 0, uses_anonymous_args = 0
 111 0000 08B5     		push	{r3, lr}
 112              		.cfi_def_cfa_offset 8
 113              		.cfi_offset 3, -8
 114              		.cfi_offset 14, -4
 149:Generated_Source\PSoC5/Display2_PM.c ****     uint8 status;
 150:Generated_Source\PSoC5/Display2_PM.c **** 
 151:Generated_Source\PSoC5/Display2_PM.c ****     Display2_RestoreConfig();
 152:Generated_Source\PSoC5/Display2_PM.c **** 
 153:Generated_Source\PSoC5/Display2_PM.c ****     if(Display2_backup.enableState == Display2_LCD_STATE_ENABLED)
 115              		.loc 1 153 0
 116 0002 044B     		ldr	r3, .L13
 117 0004 1B78     		ldrb	r3, [r3]	@ zero_extendqisi2
 118 0006 012B     		cmp	r3, #1
 119 0008 02D1     		bne	.L11
 154:Generated_Source\PSoC5/Display2_PM.c ****     {
 155:Generated_Source\PSoC5/Display2_PM.c ****         status = Display2_Enable();
 120              		.loc 1 155 0
 121 000a FFF7FEFF 		bl	Display2_Enable
 122              	.LVL1:
 123 000e 08BD     		pop	{r3, pc}
 124              	.LVL2:
 125              	.L11:
 156:Generated_Source\PSoC5/Display2_PM.c ****     }
 157:Generated_Source\PSoC5/Display2_PM.c ****     else
 158:Generated_Source\PSoC5/Display2_PM.c ****     {
 159:Generated_Source\PSoC5/Display2_PM.c ****         status = CYRET_LOCKED;
 126              		.loc 1 159 0
ARM GAS  C:\Users\ESTEBAN\AppData\Local\Temp\ccz3APsx.s 			page 6


 127 0010 0420     		movs	r0, #4
 128              	.LVL3:
 160:Generated_Source\PSoC5/Display2_PM.c ****     }
 161:Generated_Source\PSoC5/Display2_PM.c **** 
 162:Generated_Source\PSoC5/Display2_PM.c ****     return(status);
 163:Generated_Source\PSoC5/Display2_PM.c **** }
 129              		.loc 1 163 0
 130 0012 08BD     		pop	{r3, pc}
 131              	.L14:
 132              		.align	2
 133              	.L13:
 134 0014 00000000 		.word	.LANCHOR0
 135              		.cfi_endproc
 136              	.LFE3:
 137              		.size	Display2_Wakeup, .-Display2_Wakeup
 138              		.bss
 139              		.align	2
 140              		.set	.LANCHOR0,. + 0
 141              		.type	Display2_backup, %object
 142              		.size	Display2_backup, 1
 143              	Display2_backup:
 144 0000 00       		.space	1
 145              		.text
 146              	.Letext0:
 147              		.file 2 "Generated_Source\\PSoC5\\cytypes.h"
 148              		.file 3 "Generated_Source\\PSoC5\\Display2.h"
 149              		.section	.debug_info,"",%progbits
 150              	.Ldebug_info0:
 151 0000 62010000 		.4byte	0x162
 152 0004 0400     		.2byte	0x4
 153 0006 00000000 		.4byte	.Ldebug_abbrev0
 154 000a 04       		.byte	0x4
 155 000b 01       		.uleb128 0x1
 156 000c 37000000 		.4byte	.LASF23
 157 0010 0C       		.byte	0xc
 158 0011 6C010000 		.4byte	.LASF24
 159 0015 B4010000 		.4byte	.LASF25
 160 0019 00000000 		.4byte	.Ldebug_ranges0+0
 161 001d 00000000 		.4byte	0
 162 0021 00000000 		.4byte	.Ldebug_line0
 163 0025 02       		.uleb128 0x2
 164 0026 01       		.byte	0x1
 165 0027 06       		.byte	0x6
 166 0028 53020000 		.4byte	.LASF0
 167 002c 02       		.uleb128 0x2
 168 002d 01       		.byte	0x1
 169 002e 08       		.byte	0x8
 170 002f 10010000 		.4byte	.LASF1
 171 0033 02       		.uleb128 0x2
 172 0034 02       		.byte	0x2
 173 0035 05       		.byte	0x5
 174 0036 44020000 		.4byte	.LASF2
 175 003a 02       		.uleb128 0x2
 176 003b 02       		.byte	0x2
 177 003c 07       		.byte	0x7
 178 003d A1010000 		.4byte	.LASF3
 179 0041 02       		.uleb128 0x2
ARM GAS  C:\Users\ESTEBAN\AppData\Local\Temp\ccz3APsx.s 			page 7


 180 0042 04       		.byte	0x4
 181 0043 05       		.byte	0x5
 182 0044 37010000 		.4byte	.LASF4
 183 0048 02       		.uleb128 0x2
 184 0049 04       		.byte	0x4
 185 004a 07       		.byte	0x7
 186 004b CB000000 		.4byte	.LASF5
 187 004f 02       		.uleb128 0x2
 188 0050 08       		.byte	0x8
 189 0051 05       		.byte	0x5
 190 0052 00000000 		.4byte	.LASF6
 191 0056 02       		.uleb128 0x2
 192 0057 08       		.byte	0x8
 193 0058 07       		.byte	0x7
 194 0059 E4000000 		.4byte	.LASF7
 195 005d 03       		.uleb128 0x3
 196 005e 04       		.byte	0x4
 197 005f 05       		.byte	0x5
 198 0060 696E7400 		.ascii	"int\000"
 199 0064 02       		.uleb128 0x2
 200 0065 04       		.byte	0x4
 201 0066 07       		.byte	0x7
 202 0067 1A000000 		.4byte	.LASF8
 203 006b 04       		.uleb128 0x4
 204 006c C5000000 		.4byte	.LASF12
 205 0070 02       		.byte	0x2
 206 0071 E401     		.2byte	0x1e4
 207 0073 2C000000 		.4byte	0x2c
 208 0077 02       		.uleb128 0x2
 209 0078 04       		.byte	0x4
 210 0079 04       		.byte	0x4
 211 007a 0A010000 		.4byte	.LASF9
 212 007e 02       		.uleb128 0x2
 213 007f 08       		.byte	0x8
 214 0080 04       		.byte	0x4
 215 0081 65010000 		.4byte	.LASF10
 216 0085 02       		.uleb128 0x2
 217 0086 01       		.byte	0x1
 218 0087 08       		.byte	0x8
 219 0088 1E010000 		.4byte	.LASF11
 220 008c 04       		.uleb128 0x4
 221 008d 4E020000 		.4byte	.LASF13
 222 0091 02       		.byte	0x2
 223 0092 8E02     		.2byte	0x28e
 224 0094 98000000 		.4byte	0x98
 225 0098 05       		.uleb128 0x5
 226 0099 6B000000 		.4byte	0x6b
 227 009d 02       		.uleb128 0x2
 228 009e 08       		.byte	0x8
 229 009f 04       		.byte	0x4
 230 00a0 08020000 		.4byte	.LASF14
 231 00a4 02       		.uleb128 0x2
 232 00a5 04       		.byte	0x4
 233 00a6 07       		.byte	0x7
 234 00a7 24020000 		.4byte	.LASF15
 235 00ab 06       		.uleb128 0x6
 236 00ac 01       		.byte	0x1
ARM GAS  C:\Users\ESTEBAN\AppData\Local\Temp\ccz3APsx.s 			page 8


 237 00ad 03       		.byte	0x3
 238 00ae 3A       		.byte	0x3a
 239 00af C0000000 		.4byte	0xc0
 240 00b3 07       		.uleb128 0x7
 241 00b4 0E000000 		.4byte	.LASF26
 242 00b8 03       		.byte	0x3
 243 00b9 3C       		.byte	0x3c
 244 00ba 6B000000 		.4byte	0x6b
 245 00be 00       		.byte	0
 246 00bf 00       		.byte	0
 247 00c0 08       		.uleb128 0x8
 248 00c1 2D020000 		.4byte	.LASF16
 249 00c5 03       		.byte	0x3
 250 00c6 3D       		.byte	0x3d
 251 00c7 AB000000 		.4byte	0xab
 252 00cb 09       		.uleb128 0x9
 253 00cc 23010000 		.4byte	.LASF17
 254 00d0 01       		.byte	0x1
 255 00d1 28       		.byte	0x28
 256 00d2 00000000 		.4byte	.LFB0
 257 00d6 02000000 		.4byte	.LFE0-.LFB0
 258 00da 01       		.uleb128 0x1
 259 00db 9C       		.byte	0x9c
 260 00dc 09       		.uleb128 0x9
 261 00dd 4E010000 		.4byte	.LASF18
 262 00e1 01       		.byte	0x1
 263 00e2 46       		.byte	0x46
 264 00e3 00000000 		.4byte	.LFB1
 265 00e7 02000000 		.4byte	.LFE1-.LFB1
 266 00eb 01       		.uleb128 0x1
 267 00ec 9C       		.byte	0x9c
 268 00ed 0A       		.uleb128 0xa
 269 00ee FB000000 		.4byte	.LASF27
 270 00f2 01       		.byte	0x1
 271 00f3 69       		.byte	0x69
 272 00f4 00000000 		.4byte	.LFB2
 273 00f8 28000000 		.4byte	.LFE2-.LFB2
 274 00fc 01       		.uleb128 0x1
 275 00fd 9C       		.byte	0x9c
 276 00fe 0C010000 		.4byte	0x10c
 277 0102 0B       		.uleb128 0xb
 278 0103 1E000000 		.4byte	.LVL0
 279 0107 4F010000 		.4byte	0x14f
 280 010b 00       		.byte	0
 281 010c 0C       		.uleb128 0xc
 282 010d 91010000 		.4byte	.LASF28
 283 0111 01       		.byte	0x1
 284 0112 93       		.byte	0x93
 285 0113 6B000000 		.4byte	0x6b
 286 0117 00000000 		.4byte	.LFB3
 287 011b 18000000 		.4byte	.LFE3-.LFB3
 288 011f 01       		.uleb128 0x1
 289 0120 9C       		.byte	0x9c
 290 0121 3E010000 		.4byte	0x13e
 291 0125 0D       		.uleb128 0xd
 292 0126 DD000000 		.4byte	.LASF19
 293 012a 01       		.byte	0x1
ARM GAS  C:\Users\ESTEBAN\AppData\Local\Temp\ccz3APsx.s 			page 9


 294 012b 95       		.byte	0x95
 295 012c 6B000000 		.4byte	0x6b
 296 0130 00000000 		.4byte	.LLST0
 297 0134 0B       		.uleb128 0xb
 298 0135 0E000000 		.4byte	.LVL1
 299 0139 5A010000 		.4byte	0x15a
 300 013d 00       		.byte	0
 301 013e 0E       		.uleb128 0xe
 302 013f 14020000 		.4byte	.LASF20
 303 0143 01       		.byte	0x1
 304 0144 16       		.byte	0x16
 305 0145 C0000000 		.4byte	0xc0
 306 0149 05       		.uleb128 0x5
 307 014a 03       		.byte	0x3
 308 014b 00000000 		.4byte	Display2_backup
 309 014f 0F       		.uleb128 0xf
 310 0150 40010000 		.4byte	.LASF21
 311 0154 40010000 		.4byte	.LASF21
 312 0158 03       		.byte	0x3
 313 0159 4D       		.byte	0x4d
 314 015a 0F       		.uleb128 0xf
 315 015b 27000000 		.4byte	.LASF22
 316 015f 27000000 		.4byte	.LASF22
 317 0163 03       		.byte	0x3
 318 0164 4B       		.byte	0x4b
 319 0165 00       		.byte	0
 320              		.section	.debug_abbrev,"",%progbits
 321              	.Ldebug_abbrev0:
 322 0000 01       		.uleb128 0x1
 323 0001 11       		.uleb128 0x11
 324 0002 01       		.byte	0x1
 325 0003 25       		.uleb128 0x25
 326 0004 0E       		.uleb128 0xe
 327 0005 13       		.uleb128 0x13
 328 0006 0B       		.uleb128 0xb
 329 0007 03       		.uleb128 0x3
 330 0008 0E       		.uleb128 0xe
 331 0009 1B       		.uleb128 0x1b
 332 000a 0E       		.uleb128 0xe
 333 000b 55       		.uleb128 0x55
 334 000c 17       		.uleb128 0x17
 335 000d 11       		.uleb128 0x11
 336 000e 01       		.uleb128 0x1
 337 000f 10       		.uleb128 0x10
 338 0010 17       		.uleb128 0x17
 339 0011 00       		.byte	0
 340 0012 00       		.byte	0
 341 0013 02       		.uleb128 0x2
 342 0014 24       		.uleb128 0x24
 343 0015 00       		.byte	0
 344 0016 0B       		.uleb128 0xb
 345 0017 0B       		.uleb128 0xb
 346 0018 3E       		.uleb128 0x3e
 347 0019 0B       		.uleb128 0xb
 348 001a 03       		.uleb128 0x3
 349 001b 0E       		.uleb128 0xe
 350 001c 00       		.byte	0
ARM GAS  C:\Users\ESTEBAN\AppData\Local\Temp\ccz3APsx.s 			page 10


 351 001d 00       		.byte	0
 352 001e 03       		.uleb128 0x3
 353 001f 24       		.uleb128 0x24
 354 0020 00       		.byte	0
 355 0021 0B       		.uleb128 0xb
 356 0022 0B       		.uleb128 0xb
 357 0023 3E       		.uleb128 0x3e
 358 0024 0B       		.uleb128 0xb
 359 0025 03       		.uleb128 0x3
 360 0026 08       		.uleb128 0x8
 361 0027 00       		.byte	0
 362 0028 00       		.byte	0
 363 0029 04       		.uleb128 0x4
 364 002a 16       		.uleb128 0x16
 365 002b 00       		.byte	0
 366 002c 03       		.uleb128 0x3
 367 002d 0E       		.uleb128 0xe
 368 002e 3A       		.uleb128 0x3a
 369 002f 0B       		.uleb128 0xb
 370 0030 3B       		.uleb128 0x3b
 371 0031 05       		.uleb128 0x5
 372 0032 49       		.uleb128 0x49
 373 0033 13       		.uleb128 0x13
 374 0034 00       		.byte	0
 375 0035 00       		.byte	0
 376 0036 05       		.uleb128 0x5
 377 0037 35       		.uleb128 0x35
 378 0038 00       		.byte	0
 379 0039 49       		.uleb128 0x49
 380 003a 13       		.uleb128 0x13
 381 003b 00       		.byte	0
 382 003c 00       		.byte	0
 383 003d 06       		.uleb128 0x6
 384 003e 13       		.uleb128 0x13
 385 003f 01       		.byte	0x1
 386 0040 0B       		.uleb128 0xb
 387 0041 0B       		.uleb128 0xb
 388 0042 3A       		.uleb128 0x3a
 389 0043 0B       		.uleb128 0xb
 390 0044 3B       		.uleb128 0x3b
 391 0045 0B       		.uleb128 0xb
 392 0046 01       		.uleb128 0x1
 393 0047 13       		.uleb128 0x13
 394 0048 00       		.byte	0
 395 0049 00       		.byte	0
 396 004a 07       		.uleb128 0x7
 397 004b 0D       		.uleb128 0xd
 398 004c 00       		.byte	0
 399 004d 03       		.uleb128 0x3
 400 004e 0E       		.uleb128 0xe
 401 004f 3A       		.uleb128 0x3a
 402 0050 0B       		.uleb128 0xb
 403 0051 3B       		.uleb128 0x3b
 404 0052 0B       		.uleb128 0xb
 405 0053 49       		.uleb128 0x49
 406 0054 13       		.uleb128 0x13
 407 0055 38       		.uleb128 0x38
ARM GAS  C:\Users\ESTEBAN\AppData\Local\Temp\ccz3APsx.s 			page 11


 408 0056 0B       		.uleb128 0xb
 409 0057 00       		.byte	0
 410 0058 00       		.byte	0
 411 0059 08       		.uleb128 0x8
 412 005a 16       		.uleb128 0x16
 413 005b 00       		.byte	0
 414 005c 03       		.uleb128 0x3
 415 005d 0E       		.uleb128 0xe
 416 005e 3A       		.uleb128 0x3a
 417 005f 0B       		.uleb128 0xb
 418 0060 3B       		.uleb128 0x3b
 419 0061 0B       		.uleb128 0xb
 420 0062 49       		.uleb128 0x49
 421 0063 13       		.uleb128 0x13
 422 0064 00       		.byte	0
 423 0065 00       		.byte	0
 424 0066 09       		.uleb128 0x9
 425 0067 2E       		.uleb128 0x2e
 426 0068 00       		.byte	0
 427 0069 3F       		.uleb128 0x3f
 428 006a 19       		.uleb128 0x19
 429 006b 03       		.uleb128 0x3
 430 006c 0E       		.uleb128 0xe
 431 006d 3A       		.uleb128 0x3a
 432 006e 0B       		.uleb128 0xb
 433 006f 3B       		.uleb128 0x3b
 434 0070 0B       		.uleb128 0xb
 435 0071 27       		.uleb128 0x27
 436 0072 19       		.uleb128 0x19
 437 0073 11       		.uleb128 0x11
 438 0074 01       		.uleb128 0x1
 439 0075 12       		.uleb128 0x12
 440 0076 06       		.uleb128 0x6
 441 0077 40       		.uleb128 0x40
 442 0078 18       		.uleb128 0x18
 443 0079 9742     		.uleb128 0x2117
 444 007b 19       		.uleb128 0x19
 445 007c 00       		.byte	0
 446 007d 00       		.byte	0
 447 007e 0A       		.uleb128 0xa
 448 007f 2E       		.uleb128 0x2e
 449 0080 01       		.byte	0x1
 450 0081 3F       		.uleb128 0x3f
 451 0082 19       		.uleb128 0x19
 452 0083 03       		.uleb128 0x3
 453 0084 0E       		.uleb128 0xe
 454 0085 3A       		.uleb128 0x3a
 455 0086 0B       		.uleb128 0xb
 456 0087 3B       		.uleb128 0x3b
 457 0088 0B       		.uleb128 0xb
 458 0089 27       		.uleb128 0x27
 459 008a 19       		.uleb128 0x19
 460 008b 11       		.uleb128 0x11
 461 008c 01       		.uleb128 0x1
 462 008d 12       		.uleb128 0x12
 463 008e 06       		.uleb128 0x6
 464 008f 40       		.uleb128 0x40
ARM GAS  C:\Users\ESTEBAN\AppData\Local\Temp\ccz3APsx.s 			page 12


 465 0090 18       		.uleb128 0x18
 466 0091 9742     		.uleb128 0x2117
 467 0093 19       		.uleb128 0x19
 468 0094 01       		.uleb128 0x1
 469 0095 13       		.uleb128 0x13
 470 0096 00       		.byte	0
 471 0097 00       		.byte	0
 472 0098 0B       		.uleb128 0xb
 473 0099 898201   		.uleb128 0x4109
 474 009c 00       		.byte	0
 475 009d 11       		.uleb128 0x11
 476 009e 01       		.uleb128 0x1
 477 009f 31       		.uleb128 0x31
 478 00a0 13       		.uleb128 0x13
 479 00a1 00       		.byte	0
 480 00a2 00       		.byte	0
 481 00a3 0C       		.uleb128 0xc
 482 00a4 2E       		.uleb128 0x2e
 483 00a5 01       		.byte	0x1
 484 00a6 3F       		.uleb128 0x3f
 485 00a7 19       		.uleb128 0x19
 486 00a8 03       		.uleb128 0x3
 487 00a9 0E       		.uleb128 0xe
 488 00aa 3A       		.uleb128 0x3a
 489 00ab 0B       		.uleb128 0xb
 490 00ac 3B       		.uleb128 0x3b
 491 00ad 0B       		.uleb128 0xb
 492 00ae 27       		.uleb128 0x27
 493 00af 19       		.uleb128 0x19
 494 00b0 49       		.uleb128 0x49
 495 00b1 13       		.uleb128 0x13
 496 00b2 11       		.uleb128 0x11
 497 00b3 01       		.uleb128 0x1
 498 00b4 12       		.uleb128 0x12
 499 00b5 06       		.uleb128 0x6
 500 00b6 40       		.uleb128 0x40
 501 00b7 18       		.uleb128 0x18
 502 00b8 9742     		.uleb128 0x2117
 503 00ba 19       		.uleb128 0x19
 504 00bb 01       		.uleb128 0x1
 505 00bc 13       		.uleb128 0x13
 506 00bd 00       		.byte	0
 507 00be 00       		.byte	0
 508 00bf 0D       		.uleb128 0xd
 509 00c0 34       		.uleb128 0x34
 510 00c1 00       		.byte	0
 511 00c2 03       		.uleb128 0x3
 512 00c3 0E       		.uleb128 0xe
 513 00c4 3A       		.uleb128 0x3a
 514 00c5 0B       		.uleb128 0xb
 515 00c6 3B       		.uleb128 0x3b
 516 00c7 0B       		.uleb128 0xb
 517 00c8 49       		.uleb128 0x49
 518 00c9 13       		.uleb128 0x13
 519 00ca 02       		.uleb128 0x2
 520 00cb 17       		.uleb128 0x17
 521 00cc 00       		.byte	0
ARM GAS  C:\Users\ESTEBAN\AppData\Local\Temp\ccz3APsx.s 			page 13


 522 00cd 00       		.byte	0
 523 00ce 0E       		.uleb128 0xe
 524 00cf 34       		.uleb128 0x34
 525 00d0 00       		.byte	0
 526 00d1 03       		.uleb128 0x3
 527 00d2 0E       		.uleb128 0xe
 528 00d3 3A       		.uleb128 0x3a
 529 00d4 0B       		.uleb128 0xb
 530 00d5 3B       		.uleb128 0x3b
 531 00d6 0B       		.uleb128 0xb
 532 00d7 49       		.uleb128 0x49
 533 00d8 13       		.uleb128 0x13
 534 00d9 02       		.uleb128 0x2
 535 00da 18       		.uleb128 0x18
 536 00db 00       		.byte	0
 537 00dc 00       		.byte	0
 538 00dd 0F       		.uleb128 0xf
 539 00de 2E       		.uleb128 0x2e
 540 00df 00       		.byte	0
 541 00e0 3F       		.uleb128 0x3f
 542 00e1 19       		.uleb128 0x19
 543 00e2 3C       		.uleb128 0x3c
 544 00e3 19       		.uleb128 0x19
 545 00e4 6E       		.uleb128 0x6e
 546 00e5 0E       		.uleb128 0xe
 547 00e6 03       		.uleb128 0x3
 548 00e7 0E       		.uleb128 0xe
 549 00e8 3A       		.uleb128 0x3a
 550 00e9 0B       		.uleb128 0xb
 551 00ea 3B       		.uleb128 0x3b
 552 00eb 0B       		.uleb128 0xb
 553 00ec 00       		.byte	0
 554 00ed 00       		.byte	0
 555 00ee 00       		.byte	0
 556              		.section	.debug_loc,"",%progbits
 557              	.Ldebug_loc0:
 558              	.LLST0:
 559 0000 0E000000 		.4byte	.LVL1
 560 0004 10000000 		.4byte	.LVL2
 561 0008 0100     		.2byte	0x1
 562 000a 50       		.byte	0x50
 563 000b 12000000 		.4byte	.LVL3
 564 000f 18000000 		.4byte	.LFE3
 565 0013 0100     		.2byte	0x1
 566 0015 50       		.byte	0x50
 567 0016 00000000 		.4byte	0
 568 001a 00000000 		.4byte	0
 569              		.section	.debug_aranges,"",%progbits
 570 0000 34000000 		.4byte	0x34
 571 0004 0200     		.2byte	0x2
 572 0006 00000000 		.4byte	.Ldebug_info0
 573 000a 04       		.byte	0x4
 574 000b 00       		.byte	0
 575 000c 0000     		.2byte	0
 576 000e 0000     		.2byte	0
 577 0010 00000000 		.4byte	.LFB0
 578 0014 02000000 		.4byte	.LFE0-.LFB0
ARM GAS  C:\Users\ESTEBAN\AppData\Local\Temp\ccz3APsx.s 			page 14


 579 0018 00000000 		.4byte	.LFB1
 580 001c 02000000 		.4byte	.LFE1-.LFB1
 581 0020 00000000 		.4byte	.LFB2
 582 0024 28000000 		.4byte	.LFE2-.LFB2
 583 0028 00000000 		.4byte	.LFB3
 584 002c 18000000 		.4byte	.LFE3-.LFB3
 585 0030 00000000 		.4byte	0
 586 0034 00000000 		.4byte	0
 587              		.section	.debug_ranges,"",%progbits
 588              	.Ldebug_ranges0:
 589 0000 00000000 		.4byte	.LFB0
 590 0004 02000000 		.4byte	.LFE0
 591 0008 00000000 		.4byte	.LFB1
 592 000c 02000000 		.4byte	.LFE1
 593 0010 00000000 		.4byte	.LFB2
 594 0014 28000000 		.4byte	.LFE2
 595 0018 00000000 		.4byte	.LFB3
 596 001c 18000000 		.4byte	.LFE3
 597 0020 00000000 		.4byte	0
 598 0024 00000000 		.4byte	0
 599              		.section	.debug_line,"",%progbits
 600              	.Ldebug_line0:
 601 0000 A4000000 		.section	.debug_str,"MS",%progbits,1
 601      02005600 
 601      00000201 
 601      FB0E0D00 
 601      01010101 
 602              	.LASF6:
 603 0000 6C6F6E67 		.ascii	"long long int\000"
 603      206C6F6E 
 603      6720696E 
 603      7400
 604              	.LASF26:
 605 000e 656E6162 		.ascii	"enableState\000"
 605      6C655374 
 605      61746500 
 606              	.LASF8:
 607 001a 756E7369 		.ascii	"unsigned int\000"
 607      676E6564 
 607      20696E74 
 607      00
 608              	.LASF22:
 609 0027 44697370 		.ascii	"Display2_Enable\000"
 609      6C617932 
 609      5F456E61 
 609      626C6500 
 610              	.LASF23:
 611 0037 474E5520 		.ascii	"GNU C11 5.4.1 20160609 (release) [ARM/embedded-5-br"
 611      43313120 
 611      352E342E 
 611      31203230 
 611      31363036 
 612 006a 616E6368 		.ascii	"anch revision 237715] -mcpu=cortex-m3 -mthumb -g -O"
 612      20726576 
 612      6973696F 
 612      6E203233 
 612      37373135 
ARM GAS  C:\Users\ESTEBAN\AppData\Local\Temp\ccz3APsx.s 			page 15


 613 009d 67202D66 		.ascii	"g -ffunction-sections -ffat-lto-objects\000"
 613      66756E63 
 613      74696F6E 
 613      2D736563 
 613      74696F6E 
 614              	.LASF12:
 615 00c5 75696E74 		.ascii	"uint8\000"
 615      3800
 616              	.LASF5:
 617 00cb 6C6F6E67 		.ascii	"long unsigned int\000"
 617      20756E73 
 617      69676E65 
 617      6420696E 
 617      7400
 618              	.LASF19:
 619 00dd 73746174 		.ascii	"status\000"
 619      757300
 620              	.LASF7:
 621 00e4 6C6F6E67 		.ascii	"long long unsigned int\000"
 621      206C6F6E 
 621      6720756E 
 621      7369676E 
 621      65642069 
 622              	.LASF27:
 623 00fb 44697370 		.ascii	"Display2_Sleep\000"
 623      6C617932 
 623      5F536C65 
 623      657000
 624              	.LASF9:
 625 010a 666C6F61 		.ascii	"float\000"
 625      7400
 626              	.LASF1:
 627 0110 756E7369 		.ascii	"unsigned char\000"
 627      676E6564 
 627      20636861 
 627      7200
 628              	.LASF11:
 629 011e 63686172 		.ascii	"char\000"
 629      00
 630              	.LASF17:
 631 0123 44697370 		.ascii	"Display2_SaveConfig\000"
 631      6C617932 
 631      5F536176 
 631      65436F6E 
 631      66696700 
 632              	.LASF4:
 633 0137 6C6F6E67 		.ascii	"long int\000"
 633      20696E74 
 633      00
 634              	.LASF21:
 635 0140 44697370 		.ascii	"Display2_Stop\000"
 635      6C617932 
 635      5F53746F 
 635      7000
 636              	.LASF18:
 637 014e 44697370 		.ascii	"Display2_RestoreConfig\000"
 637      6C617932 
ARM GAS  C:\Users\ESTEBAN\AppData\Local\Temp\ccz3APsx.s 			page 16


 637      5F526573 
 637      746F7265 
 637      436F6E66 
 638              	.LASF10:
 639 0165 646F7562 		.ascii	"double\000"
 639      6C6500
 640              	.LASF24:
 641 016c 47656E65 		.ascii	"Generated_Source\\PSoC5\\Display2_PM.c\000"
 641      72617465 
 641      645F536F 
 641      75726365 
 641      5C50536F 
 642              	.LASF28:
 643 0191 44697370 		.ascii	"Display2_Wakeup\000"
 643      6C617932 
 643      5F57616B 
 643      65757000 
 644              	.LASF3:
 645 01a1 73686F72 		.ascii	"short unsigned int\000"
 645      7420756E 
 645      7369676E 
 645      65642069 
 645      6E7400
 646              	.LASF25:
 647 01b4 443A5C55 		.ascii	"D:\\Users\\ESTEBAN\\Documents\\PSoC Creator\\Proyec"
 647      73657273 
 647      5C455354 
 647      4542414E 
 647      5C446F63 
 648 01e2 746F5F54 		.ascii	"to_Temperatura\\Lm35_7_segmentos.cydsn\000"
 648      656D7065 
 648      72617475 
 648      72615C4C 
 648      6D33355F 
 649              	.LASF14:
 650 0208 6C6F6E67 		.ascii	"long double\000"
 650      20646F75 
 650      626C6500 
 651              	.LASF20:
 652 0214 44697370 		.ascii	"Display2_backup\000"
 652      6C617932 
 652      5F626163 
 652      6B757000 
 653              	.LASF15:
 654 0224 73697A65 		.ascii	"sizetype\000"
 654      74797065 
 654      00
 655              	.LASF16:
 656 022d 44697370 		.ascii	"Display2_BACKUP_STRUCT\000"
 656      6C617932 
 656      5F424143 
 656      4B55505F 
 656      53545255 
 657              	.LASF2:
 658 0244 73686F72 		.ascii	"short int\000"
 658      7420696E 
 658      7400
ARM GAS  C:\Users\ESTEBAN\AppData\Local\Temp\ccz3APsx.s 			page 17


 659              	.LASF13:
 660 024e 72656738 		.ascii	"reg8\000"
 660      00
 661              	.LASF0:
 662 0253 7369676E 		.ascii	"signed char\000"
 662      65642063 
 662      68617200 
 663              		.ident	"GCC: (GNU Tools for ARM Embedded Processors) 5.4.1 20160609 (release) [ARM/embedded-5-bran
